[listadefornecedoresoficial.com/index.html]
[backblue.gif]
[fade.gif]
[index.html]
[blob.contato.io/machine-user-images/logo-fornecedores-das-grifes-oficial-2020-img-1003021-20191130190438.png]
[listadefornecedoresoficial.com/builder/elements/css/bootstrap.css]
[listadefornecedoresoficial.com/builder/elements/css/style.css]
[listadefornecedoresoficial.com/Content/font-awesome.css]
[listadefornecedoresoficial.com/builder/elements/css/magnific-popup.css]
[listadefornecedoresoficial.com/builder/elements/css/iconfont-style.css]
[listadefornecedoresoficial.com/builder/elements/scripts/animations/animate.css]
[listadefornecedoresoficial.com/builder/elements/css/popup.css]
[blob.contato.io/machine-files/builder/menudrop.css]
[listadefornecedoresoficial.com/content/images/icon.png]
[listadefornecedoresoficial.com/builder/elements/scripts/jquery-1.11.2.min.js]
[listadefornecedoresoficial.com/builder/elements/scripts/html5shiv.js]
[listadefornecedoresoficial.com/builder/elements/scripts/respond.min.js]
[blob.contato.io/machine-files/builder/allpages.builder.css]
[connect.facebook.net/en_US/fbevents.js]
[blob.contato.io/machine-user-images/CLIQUE-AQUI-E-GANHE-67-OFF-img-1003021-20191213200528.png]
[blob.contato.io/machine-user-images/CLIQUE-AQUI-E-GANHE-67-OFF-1-img-1003021-20191213200850.png]
[blob.contato.io/machine-user-images/PROMOÇÃO-DE-R497-POR-R97-15-img-1003021-20191213193537.png]
[blob.contato.io/machine-user-images/headline-fgd-m2-img-1003021-20191223084416.png]
[blob.contato.io/machine-user-images/img-18341-20160815134943.png]
[blob.contato.io/machine-user-images/cta-fdg-img-1003021-20191201101845.png]
[blob.contato.io/machine-user-images/mosaico-img-1003021-20191230135328.jpg]
[blob.contato.io/machine-user-images/mockups-fsdfds-img-1003021-20191130162810.png]
[blob.contato.io/machine-user-images/cscss-img-1003021-20191130173035.png]
[blob.contato.io/machine-user-images/1535124254-img-1003021-20180905163548.png]
[blob.contato.io/machine-user-images/Design-sem-nome-6-img-1003021-20191201142312.png]
[blob.contato.io/machine-user-images/mm1-img-1003021-20190906141747.png]
[blob.contato.io/machine-user-images/sscs-img-1003021-20190906140459.png]
[blob.contato.io/machine-user-images/mundo-logo-png-3-img-1003021-20190906133155.png]
[blob.contato.io/machine-user-images/mf1-img-1003021-20190906141451.png]
[blob.contato.io/machine-user-images/csfssd-img-1003021-20190906140541.png]
[blob.contato.io/machine-user-images/Design-sem-nome-6-img-1003021-20191201144150.png]
[blob.contato.io/machine-user-images/fss-img-1003021-20190906135556.png]
[blob.contato.io/machine-user-images/Design-sem-nome-7-img-1003021-20191201144148.png]
[blob.contato.io/machine-user-images/fluxo-1-img-1003021-20191214102959.png]
[blob.contato.io/machine-user-images/insta-sem-sobra-img-1003021-20191214191228.png]
[blob.contato.io/machine-user-images/promo-sem-sombra-img-1003021-20191214191231.png]
[blob.contato.io/machine-user-images/planilha-sem-sombra-img-1003021-20191214191229.png]
[blob.contato.io/machine-user-images/IMG-20190827-WA1103-img-1003021-20190907123118.jpg]
[listadefornecedoresoficial.com/builder/elements/images/feature1.png]
[blob.contato.io/machine-user-images/2-img-1003021-20191230142802.png]
[blob.contato.io/machine-user-images/Facebook_Logo_2019-img-1003021-20191214182025.png]
[blob.contato.io/machine-user-images/3-img-1003021-20191230142804.png]
[blob.contato.io/machine-user-images/4-img-1003021-20191230142805.png]
[blob.contato.io/machine-user-images/1-img-1003021-20191230142759.png]
[blob.contato.io/machine-user-images/5-motivos-img-1003021-20191214124005.png]
[blob.contato.io/machine-user-images/189093-img-1003021-20191214190645.png]
[blob.contato.io/machine-user-images/qualidade-img-1003021-20191214190642.png]
[blob.contato.io/machine-user-images/430547-img-1003021-20191214190644.png]
[blob.contato.io/machine-user-images/icon-atacado-img-1003021-20191214190641.png]
[blob.contato.io/machine-user-images/icon-img-1003021-20191214190643.png]
[blob.contato.io/machine-user-images/dropshipping-icon-250x250-img-1003021-20191214190640.png]
[blob.contato.io/machine-user-images/dsse71f0182ed04206cb78bd7ceb2d9f4f-img-1003021-20190907100310.png]
[blob.contato.io/machine-user-images/FORNECEDORES-DAS-GRIFES-7-img-1003021-20181207192326-img-1003021-20190908170635.jpg]
[blob.contato.io/machine-user-images/dropshipping-modelo-de-negocio-1024x576-img-1003021-20191230141414.png]
[blob.contato.io/machine-user-images/Design-sem-nome-17-img-1003021-20191230145746.png]
[blob.contato.io/machine-user-images/botão-black-2-1-img-1003021-20191104160250-img-1003021-20191130145640.png]
[blob.contato.io/machine-user-images/pff-img-1003021-20191214124825.png]
[blob.contato.io/machine-user-images/250x250-img-1003021-20191130164042.png]
[listadefornecedoresoficial.com/cdn-cgi/l/email-protection.html]
[blob.contato.io/machine-user-images/PROMOÇÃO-DE-R497-POR-R97-4-img-1003021-20181207193947.png]
[blob.contato.io/machine-user-images/ALEXANDRE---NR30DIAS-img-1003021-20180905114233.jpg]
[listadefornecedoresoficial.com/builder/elements/images/bg20.jpg]
[listadefornecedoresoficial.com/cdn-cgi/scripts/5c5dd728/cloudflare-static/email-decode.min.js]
[listadefornecedoresoficial.com/builder/elements/scripts/bootstrap.min.js]
[listadefornecedoresoficial.com/builder/elements/scripts/jquery.validate.min.js]
[listadefornecedoresoficial.com/builder/elements/scripts/smoothscroll.js]
[listadefornecedoresoficial.com/builder/elements/scripts/jquery.smooth-scroll.min.js]
[listadefornecedoresoficial.com/builder/elements/scripts/placeholders.jquery.min.js]
[listadefornecedoresoficial.com/builder/elements/scripts/jquery.magnific-popup.min.js]
[listadefornecedoresoficial.com/builder/elements/scripts/jquery.counterup.min.js]
[listadefornecedoresoficial.com/builder/elements/scripts/waypoints.min.js]
[listadefornecedoresoficial.com/builder/elements/scripts/bigvideo.js]
[listadefornecedoresoficial.com/builder/elements/scripts/video.js]
[listadefornecedoresoficial.com/builder/elements/scripts/animations/wow.min.js]
[listadefornecedoresoficial.com/builder/elements/scripts/jquery.jCounter-0.1.4.js]
[listadefornecedoresoficial.com/builder/elements/scripts/jquery.autogrow-textarea.js]
[listadefornecedoresoficial.com/scripts/globalize/globalize.js]
[listadefornecedoresoficial.com/scripts/globalize/cultures/globalize.culture.pt-BR.js]
[listadefornecedoresoficial.com/builder/elements/scripts/custom.js]
[listadefornecedoresoficial.com/builder/elements/scripts/popup.js]
[blob.contato.io/machine-files/builder/navdropdown.js]
[blob.contato.io/machine-files/builder/pop-exit.js]
[blob.contato.io/machine-files/amodels/webflow.js]
[listadefornecedoresoficial.com/Content/carousel.v2.css]
[listadefornecedoresoficial.com/Contents/page-advertising902a.css]
[listadefornecedoresoficial.com/bundles/globalize65f6]
[listadefornecedoresoficial.com/bundles/page-viewsfaef]
[listadefornecedoresoficial.com/index.html]
[listadefornecedoresoficial.com/builder/elements/css/bootstrap.css]
[listadefornecedoresoficial.com/builder/elements/images/marker-circle-dark.png]
[listadefornecedoresoficial.com/builder/elements/images/marker-circle-light.png]
[listadefornecedoresoficial.com/builder/elements/images/marker-arrow-left-dark.png]
[listadefornecedoresoficial.com/builder/elements/images/marker-arrow-left-light.png]
[listadefornecedoresoficial.com/builder/elements/images/marker-arrow-right-dark.png]
[listadefornecedoresoficial.com/builder/elements/images/marker-arrow-right-light.png]
[listadefornecedoresoficial.com/builder/elements/images/marker-arrow-down-dark.png]
[listadefornecedoresoficial.com/builder/elements/images/marker-arrow-down-light.png]
[listadefornecedoresoficial.com/builder/elements/images/marker-arrow-up-dark.png]
[listadefornecedoresoficial.com/builder/elements/images/marker-arrow-up-light.png]
[listadefornecedoresoficial.com/builder/elements/css/style.css]
[listadefornecedoresoficial.com/fonts/fontawesome-webfont3e6e.eot]
[listadefornecedoresoficial.com/fonts/fontawesome-webfontd41d.eot]
[listadefornecedoresoficial.com/fonts/fontawesome-webfont3e6e.woff2]
[listadefornecedoresoficial.com/fonts/fontawesome-webfont3e6e.woff]
[listadefornecedoresoficial.com/fonts/fontawesome-webfont3e6e.ttf]
[listadefornecedoresoficial.com/Content/font-awesome.css]
[listadefornecedoresoficial.com/builder/elements/css/magnific-popup.css]
[listadefornecedoresoficial.com/fonts/fontawesome-webfont3e6e.svg]
[listadefornecedoresoficial.com/Builder/elements/css/fonts/iconfontcbcf.eot]
[listadefornecedoresoficial.com/Builder/elements/css/fonts/iconfontd41d.eot]
[listadefornecedoresoficial.com/Builder/elements/css/fonts/iconfontcbcf.woff]
[listadefornecedoresoficial.com/Builder/elements/css/fonts/iconfontcbcf.ttf]
[listadefornecedoresoficial.com/builder/elements/css/iconfont-style.css]
[listadefornecedoresoficial.com/builder/elements/scripts/animations/animate.css]
[listadefornecedoresoficial.com/builder/elements/css/popup.css]
[blob.contato.io/machine-files/builder/menudrop.css]
[blob.contato.io/machine-files/builder/allpages.builder.css]
[listadefornecedoresoficial.com/Builder/elements/css/fonts/iconfontcbcf.svg]
[connect.facebook.net/en_US/fbevents.js]
[listadefornecedoresoficial.com/cdn-cgi/l/email-protection.html]
[listadefornecedoresoficial.com/POST.html]
[blob.contato.io/machine-user-images/img-18341-20160708135053.png]
[listadefornecedoresoficial.com/Content/carousel.v2.css]
[blob.contato.io/machine-user-images/img-18341-20160708135001.png]
[listadefornecedoresoficial.com/Contents/page-advertising902a.css]
[listadefornecedoresoficial.com/fonts/fontawesome-webfont3e6e.html]
[listadefornecedoresoficial.com/fonts/fontawesome-webfont3e6e.svg]
[listadefornecedoresoficial.com/Builder/elements/css/fonts/iconfontcbcf.svg]
[listadefornecedoresoficial.com/POST.html]
