[www.listadefornecedoresoficial.com/politica-de-privacidade.html]
[backblue.gif]
[fade.gif]
[index.html]
[www.listadefornecedoresoficial.com/builder/elements/css/bootstrap.css]
[www.listadefornecedoresoficial.com/builder/elements/css/style.css]
[www.listadefornecedoresoficial.com/Content/font-awesome.css]
[www.listadefornecedoresoficial.com/builder/elements/css/magnific-popup.css]
[www.listadefornecedoresoficial.com/builder/elements/css/iconfont-style.css]
[www.listadefornecedoresoficial.com/builder/elements/scripts/animations/animate.css]
[www.listadefornecedoresoficial.com/builder/elements/css/popup.css]
[blob.contato.io/machine-files/builder/menudrop.css]
[www.listadefornecedoresoficial.com/content/images/icon.png]
[www.listadefornecedoresoficial.com/builder/elements/scripts/jquery-1.11.2.min.js]
[www.listadefornecedoresoficial.com/builder/elements/scripts/html5shiv.js]
[www.listadefornecedoresoficial.com/builder/elements/scripts/respond.min.js]
[blob.contato.io/machine-files/builder/allpages.builder.css]
[blob.contato.io/machine-user-images/quero-fazer-minha-inscrição-img-1003021-20180901122533.png]
[blob.contato.io/machine-user-images/Empreendimentos-Digitais-img-1003021-20180915202050.png]
[www.listadefornecedoresoficial.com/builder/elements/scripts/bootstrap.min.js]
[www.listadefornecedoresoficial.com/builder/elements/scripts/jquery.validate.min.js]
[www.listadefornecedoresoficial.com/builder/elements/scripts/smoothscroll.js]
[www.listadefornecedoresoficial.com/builder/elements/scripts/jquery.smooth-scroll.min.js]
[www.listadefornecedoresoficial.com/builder/elements/scripts/placeholders.jquery.min.js]
[www.listadefornecedoresoficial.com/builder/elements/scripts/jquery.magnific-popup.min.js]
[www.listadefornecedoresoficial.com/builder/elements/scripts/jquery.counterup.min.js]
[www.listadefornecedoresoficial.com/builder/elements/scripts/waypoints.min.js]
[www.listadefornecedoresoficial.com/builder/elements/scripts/video.js]
[www.listadefornecedoresoficial.com/builder/elements/scripts/bigvideo.js]
[www.listadefornecedoresoficial.com/builder/elements/scripts/animations/wow.min.js]
[www.listadefornecedoresoficial.com/builder/elements/scripts/jquery.jCounter-0.1.4.js]
[www.listadefornecedoresoficial.com/builder/elements/scripts/jquery.autogrow-textarea.js]
[www.listadefornecedoresoficial.com/scripts/globalize/globalize.js]
[www.listadefornecedoresoficial.com/scripts/globalize/cultures/globalize.culture.pt-BR.js]
[www.listadefornecedoresoficial.com/builder/elements/scripts/custom.js]
[www.listadefornecedoresoficial.com/builder/elements/scripts/popup.js]
[blob.contato.io/machine-files/builder/navdropdown.js]
[blob.contato.io/machine-files/builder/pop-exit.js]
[blob.contato.io/machine-files/amodels/webflow.js]
[www.listadefornecedoresoficial.com/Content/carousel.v2.css]
[www.listadefornecedoresoficial.com/Contents/page-advertising902a.css]
[www.listadefornecedoresoficial.com/bundles/globalize65f6]
[www.listadefornecedoresoficial.com/bundles/page-viewsfaef]
[www.listadefornecedoresoficial.com/politica-de-privacidade.html]
[www.listadefornecedoresoficial.com/builder/elements/css/bootstrap.css]
[www.listadefornecedoresoficial.com/builder/elements/images/marker-circle-dark.png]
[www.listadefornecedoresoficial.com/builder/elements/images/marker-circle-light.png]
[www.listadefornecedoresoficial.com/builder/elements/images/marker-arrow-left-dark.png]
[www.listadefornecedoresoficial.com/builder/elements/images/marker-arrow-left-light.png]
[www.listadefornecedoresoficial.com/builder/elements/images/marker-arrow-right-dark.png]
[www.listadefornecedoresoficial.com/builder/elements/images/marker-arrow-right-light.png]
[www.listadefornecedoresoficial.com/builder/elements/images/marker-arrow-down-dark.png]
[www.listadefornecedoresoficial.com/builder/elements/images/marker-arrow-down-light.png]
[www.listadefornecedoresoficial.com/builder/elements/images/marker-arrow-up-dark.png]
[www.listadefornecedoresoficial.com/builder/elements/images/marker-arrow-up-light.png]
[www.listadefornecedoresoficial.com/builder/elements/css/style.css]
[www.listadefornecedoresoficial.com/fonts/fontawesome-webfont3e6e.eot]
[www.listadefornecedoresoficial.com/fonts/fontawesome-webfontd41d.eot]
[www.listadefornecedoresoficial.com/fonts/fontawesome-webfont3e6e.woff2]
[www.listadefornecedoresoficial.com/fonts/fontawesome-webfont3e6e.woff]
[www.listadefornecedoresoficial.com/fonts/fontawesome-webfont3e6e.ttf]
[www.listadefornecedoresoficial.com/Content/font-awesome.css]
[www.listadefornecedoresoficial.com/builder/elements/css/magnific-popup.css]
[www.listadefornecedoresoficial.com/fonts/fontawesome-webfont3e6e.svg]
[www.listadefornecedoresoficial.com/Builder/elements/css/fonts/iconfontcbcf.eot]
[www.listadefornecedoresoficial.com/Builder/elements/css/fonts/iconfontcbcf.woff]
[www.listadefornecedoresoficial.com/Builder/elements/css/fonts/iconfontd41d.eot]
[www.listadefornecedoresoficial.com/Builder/elements/css/fonts/iconfontcbcf.ttf]
[www.listadefornecedoresoficial.com/builder/elements/css/iconfont-style.css]
[www.listadefornecedoresoficial.com/builder/elements/scripts/animations/animate.css]
[www.listadefornecedoresoficial.com/builder/elements/css/popup.css]
[blob.contato.io/machine-files/builder/menudrop.css]
[blob.contato.io/machine-files/builder/allpages.builder.css]
[blob.contato.io/machine-user-images/img-18341-20160708135053.png]
[blob.contato.io/machine-user-images/img-18341-20160708135001.png]
[www.listadefornecedoresoficial.com/Content/carousel.v2.css]
[www.listadefornecedoresoficial.com/Contents/page-advertising902a.css]
[www.listadefornecedoresoficial.com/fonts/fontawesome-webfont3e6e.html]
[www.listadefornecedoresoficial.com/fonts/fontawesome-webfont3e6e.svg]
[www.listadefornecedoresoficial.com/Builder/elements/css/fonts/iconfontcbcf.svg]
[www.listadefornecedoresoficial.com/Builder/elements/css/fonts/iconfontcbcf.svg]
